// Jest Snapshot v1, https://goo.gl/fbAQLP

exports[`With Snapshot Testing Contact page shows "Contact" H1 1`] = `
.c1 {
  color: deeppink;
}

.c0 {
  color: 'deeppink';
}

<div>
  <nav>
    <a
      class="c0"
      href="/"
    >
      Home
    </a>
     | 
    <a
      class="c0"
      href="/about"
    >
      About
    </a>
     | 
    <a
      class="c0"
      href="/contact"
    >
      Contact
    </a>
     | 
    <a
      class="c0"
      href="/login"
    >
      Login
    </a>
  </nav>
  <h1
    class="c1"
  >
    Contact
  </h1>
</div>
`;
