// Jest Snapshot v1, https://goo.gl/fbAQLP

exports[`With Snapshot Testing H1 shows "swhurl.com" 1`] = `undefined`;
