// Jest Snapshot v1, https://goo.gl/fbAQLP

exports[`With Snapshot Testing Nav displays items 1`] = `
<DocumentFragment>
  .c2 {
  color: black;
  padding-right: 5px;
}

.c2:hover {
  color: #f00;
}

.c2:visited {
  color: black;
}

.c1 {
  font-weight: bold;
  text-transform: capitalize;
}

.c0 {
  display: -webkit-box;
  display: -webkit-flex;
  display: -ms-flexbox;
  display: flex;
  -webkit-flex-flow: row wrap;
  -ms-flex-flow: row wrap;
  flex-flow: row wrap;
  -webkit-box-pack: center;
  -webkit-justify-content: center;
  -ms-flex-pack: center;
  justify-content: center;
  -webkit-align-items: center;
  -webkit-box-align: center;
  -ms-flex-align: center;
  align-items: center;
}

<nav
    class="c0"
  >
    <div
      class="c1"
    >
      mens
    </div>
    <a
      class="c2"
      href="/mens/shop/accessories"
    >
      Accessories
    </a>
    <a
      class="c2"
      href="/mens/shop/shoes"
    >
      Shoes
    </a>
    <a
      class="c2"
      href="/mens/shop/clothing"
    >
      Clothing
    </a>
    <a
      class="c2"
      href="/mens/shop/bags"
    >
      Bags
    </a>
    <a
      class="c2"
      href="/mens/shop/homeware"
    >
      Homeware
    </a>
  </nav>
</DocumentFragment>
`;
