// Jest Snapshot v1, https://goo.gl/fbAQLP

exports[`With Snapshot Testing Product list item 1`] = `
<DocumentFragment>
  .c0 {
  width: 150px;
  min-height: 220px;
  padding: 10px;
  text-align: center;
  margin: 0;
}

.c2 {
  border-radius: 3px;
  border: 1px solid #ccc;
}

.c1 {
  color: #000;
}

.c1:active {
  color: #666;
}

@media only screen and (min-width:380px) and (max-width:640px) {
  .c0 {
    margin: 0 12px;
  }
}

@media only screen and (min-width:641px) and (max-width:780px) {
  .c0 {
    padding: 10px 5px;
    margin: 0;
  }
}

<div
    class="c0"
  >
    <a
      aria-label="test"
      class="c1"
    >
      <img
        alt="test"
        src="//assetsprx.matchesfashion.com/img/product/1_1_small.jpg"
        width="100%"
      />
      test
      <p
        class="c2"
      >
        Â£10
      </p>
    </a>
  </div>
</DocumentFragment>
`;
