// Jest Snapshot v1, https://goo.gl/fbAQLP

exports[`With Snapshot Testing H1 shows "mf.swhurl.com" 1`] = `
<DocumentFragment>
  .c0 {
  color: black;
}

<h1
    class="c0"
  >
    mf.shwurl.com
  </h1>
</DocumentFragment>
`;
