// Jest Snapshot v1, https://goo.gl/fbAQLP

exports[`With Snapshot Testing H1 shows "mf.swhurl.com" 1`] = `
<H1>
  mf.shwurl.com
</H1>
`;
